2026-05-14T03:51:03.900716+00:00 | Kimi lane online
role: Kimi/Kimicode CLI relay and provider-readiness lane
authority: propose and validate; Aletheon applies curated writes and commits
provider_mutations: held
remote_control: supervised only; no token logging
touchpoint 01: Kimi records one receipt, one risk, and one v241-v260 recommendation.
touchpoint 02: Kimi records one receipt, one risk, and one v241-v260 recommendation.
touchpoint 03: Kimi records one receipt, one risk, and one v241-v260 recommendation.
touchpoint 04: Kimi records one receipt, one risk, and one v241-v260 recommendation.
touchpoint 05: Kimi records one receipt, one risk, and one v241-v260 recommendation.
touchpoint 06: Kimi records one receipt, one risk, and one v241-v260 recommendation.
touchpoint 07: Kimi records one receipt, one risk, and one v241-v260 recommendation.
touchpoint 08: Kimi records one receipt, one risk, and one v241-v260 recommendation.
touchpoint 09: Kimi records one receipt, one risk, and one v241-v260 recommendation.
touchpoint 10: Kimi records one receipt, one risk, and one v241-v260 recommendation.
touchpoint 11: Kimi records one receipt, one risk, and one v241-v260 recommendation.
touchpoint 12: Kimi records one receipt, one risk, and one v241-v260 recommendation.
touchpoint 13: Kimi records one receipt, one risk, and one v241-v260 recommendation.
touchpoint 14: Kimi records one receipt, one risk, and one v241-v260 recommendation.
touchpoint 15: Kimi records one receipt, one risk, and one v241-v260 recommendation.
touchpoint 16: Kimi records one receipt, one risk, and one v241-v260 recommendation.
touchpoint 17: Kimi records one receipt, one risk, and one v241-v260 recommendation.
touchpoint 18: Kimi records one receipt, one risk, and one v241-v260 recommendation.
touchpoint 19: Kimi records one receipt, one risk, and one v241-v260 recommendation.
touchpoint 20: Kimi records one receipt, one risk, and one v241-v260 recommendation.
